// Jest Snapshot v1, https://goo.gl/fbAQLP

exports[`renders MediumButton correctly 1`] = `
<View
  accessibilityState={
    {
      "busy": undefined,
      "checked": undefined,
      "disabled": undefined,
      "expanded": undefined,
      "selected": undefined,
    }
  }
  accessibilityValue={
    {
      "max": undefined,
      "min": undefined,
      "now": undefined,
      "text": undefined,
    }
  }
  accessible={true}
  collapsable={false}
  focusable={true}
  onClick={[Function]}
  onResponderGrant={[Function]}
  onResponderMove={[Function]}
  onResponderRelease={[Function]}
  onResponderTerminate={[Function]}
  onResponderTerminationRequest={[Function]}
  onStartShouldSetResponder={[Function]}
  style={
    {
      "alignItems": "center",
      "backgroundColor": "#334FFA",
      "borderRadius": 10,
      "height": 50,
      "marginTop": 40,
      "opacity": 1,
      "padding": 14,
      "width": 170,
    }
  }
>
  <Text
    style={
      {
        "color": "#FFFFFF",
        "fontFamily": "Avenir",
        "fontSize": 12,
        "fontWeight": "800",
      }
    }
  >
    Test
  </Text>
</View>
`;
